<!DOCTYPE html>



<html lang="zh-CN">



<head>



    <meta charset="UTF-8">



    <meta name="viewport" content="width=device-width, initial-scale=1.0">



    <title>学习 - 个人学习系统</title>



    <link rel="stylesheet" href="css/style.css?v=8">



    <link href="https://fonts.googleapis.com/css2?family=Noto+Sans+SC:wght@300;400;500;700&display=swap" rel="stylesheet">



</head>



<body class="study-page-body">



    <div class="study-layout">



        <!-- 顶部学习导航 -->



        <header cl